// Jest Snapshot v1, https://goo.gl/fbAQLP

exports[`Quote component should match the snapshot 1`] = `
<div>
  <div
    class="quote-Container"
  >
    <h2
      class="quote-Header"
    >
      Facts
    </h2>
    <p
      class="loading"
    >
      Loading for quote...
    </p>
  </div>
</div>
`;
